Cannot optimize dependency: [36mreact[39m, present in 'optimizeDeps.include'
Cannot optimize dependency: [36mreact-dom[39m, present in 'optimizeDeps.include'
Cannot optimize dependency: [36mreact/jsx-dev-runtime[39m, present in 'optimizeDeps.include'
Cannot optimize dependency: [36mreact/jsx-runtime[39m, present in 'optimizeDeps.include'
[VITE ERROR] Pre-transform error: Failed to load url /src/main.tsx?v=Mn3CuFUsCg7KwHJh3AvCj (resolved id: /src/main.tsx?v=Mn3CuFUsCg7KwHJh3AvCj). Does the file exist? {
  error: Error: Failed to load url /src/main.tsx?v=Mn3CuFUsCg7KwHJh3AvCj (resolved id: /src/main.tsx?v=Mn3CuFUsCg7KwHJh3AvCj). Does the file exist?
      at loadAndTransform (file:///C:/Users/FlavorGood/Documents/AAATraderCorner/TradeScout/TradeScoutPro/node_modules/vite/dist/node/chunks/dep-BK3b2jBa.js:51969:17) {
    code: 'ERR_LOAD_URL'
  },
  timestamp: true
}
[2m1:17:51 PM[22m [31m[1m[vite][22m[39m Pre-transform error: Failed to load url /src/main.tsx?v=Mn3CuFUsCg7KwHJh3AvCj (resolved id: /src/main.tsx?v=Mn3CuFUsCg7KwHJh3AvCj). Does the file exist?
[VITE ERROR] Pre-transform error: Failed to load url /src/main.tsx?v=CoMF9djjRwvMh1QyYQxhY (resolved id: /src/main.tsx?v=CoMF9djjRwvMh1QyYQxhY). Does the file exist? {
  error: Error: Failed to load url /src/main.tsx?v=CoMF9djjRwvMh1QyYQxhY (resolved id: /src/main.tsx?v=CoMF9djjRwvMh1QyYQxhY). Does the file exist?
      at loadAndTransform (file:///C:/Users/FlavorGood/Documents/AAATraderCorner/TradeScout/TradeScoutPro/node_modules/vite/dist/node/chunks/dep-BK3b2jBa.js:51969:17) {
    code: 'ERR_LOAD_URL'
  },
  timestamp: true
}
[2m1:17:51 PM[22m [31m[1m[vite][22m[39m Pre-transform error: Failed to load url /src/main.tsx?v=CoMF9djjRwvMh1QyYQxhY (resolved id: /src/main.tsx?v=CoMF9djjRwvMh1QyYQxhY). Does the file exist?
